goal: curryAdd a b = curryAdd b a

query:
(define-fun curryAdd ((a._@.Test.Int.Binders._hyg.3 Int) (a._@.Test.Int.Binders._hyg.5 Int)) Int (+ a._@.Test.Int.Binders._hyg.3 a._@.Test.Int.Binders._hyg.5))
(declare-const a Int)
(declare-const b Int)
(assert (not (= (curryAdd a b) (curryAdd b a))))
(check-sat)

result: unsat
failed to reconstruct proof: argument type is not the type of the function's argument type:
argument:  (fun (a._@.Test.Int.Binders._hyg.3 : Int) => (fun (a._@.Test.Int.Binders._hyg.5 : Int) => (binrel% HAdd.hAdd a._@.Test.Int.Binders._hyg.3 a._@.Test.Int.Binders._hyg.5)))
has type:  Int
not type: (-> Int Int Int)
in term : (Eq curryAdd (fun (a._@.Test.Int.Binders._hyg.3 : Int) => (fun (a._@.Test.Int.Binders._hyg.5 : Int) => (binrel% HAdd.hAdd a._@.Test.Int.Binders._hyg.3 a._@.Test.Int.Binders._hyg.5))))
Test/Int/Binders.lean:5:0: warning: declaration uses 'sorry'
goal: partCurryAdd a b = partCurryAdd b a

query:
(define-fun partCurryAdd ((a Int) (a._@.Test.Int.Binders._hyg.37 Int)) Int (+ a a._@.Test.Int.Binders._hyg.37))
(declare-const a Int)
(declare-const b Int)
(assert (not (= (partCurryAdd a b) (partCurryAdd b a))))
(check-sat)

result: unsat
failed to reconstruct proof: argument type is not the type of the function's argument type:
argument:  (fun (a : Int) => (fun (a._@.Test.Int.Binders._hyg.37 : Int) => (binrel% HAdd.hAdd a a._@.Test.Int.Binders._hyg.37)))
has type:  Int
not type: (-> Int Int Int)
in term : (Eq partCurryAdd (fun (a : Int) => (fun (a._@.Test.Int.Binders._hyg.37 : Int) => (binrel% HAdd.hAdd a a._@.Test.Int.Binders._hyg.37))))
Test/Int/Binders.lean:11:0: warning: declaration uses 'sorry'
goal: partCurryAdd' a b = partCurryAdd' b a

query:
(define-fun |partCurryAdd'| ((a Int) (n Int)) Int (+ a n))
(declare-const a Int)
(declare-const b Int)
(assert (not (= (|partCurryAdd'| a b) (|partCurryAdd'| b a))))
(check-sat)

result: unsat
failed to reconstruct proof: argument type is not the type of the function's argument type:
argument:  (fun (a : Int) => (fun (n : Int) => (binrel% HAdd.hAdd a n)))
has type:  Int
not type: (-> Int Int Int)
in term : (Eq |partCurryAdd'| (fun (a : Int) => (fun (n : Int) => (binrel% HAdd.hAdd a n))))
Test/Int/Binders.lean:15:0: warning: declaration uses 'sorry'
goal: mismatchNamesAdd a b = mismatchNamesAdd b a

query:
(define-fun mismatchNamesAdd ((a Int) (b Int)) Int (+ a b))
(declare-const a Int)
(declare-const b Int)
(assert (not (= (mismatchNamesAdd a b) (mismatchNamesAdd b a))))
(check-sat)

result: unsat
failed to reconstruct proof: argument type is not the type of the function's argument type:
argument:  (fun (a : Int) => (fun (b : Int) => (binrel% HAdd.hAdd a b)))
has type:  Int
not type: (-> Int Int Int)
in term : (Eq mismatchNamesAdd (fun (a : Int) => (fun (b : Int) => (binrel% HAdd.hAdd a b))))
Test/Int/Binders.lean:25:0: warning: declaration uses 'sorry'
