goal: ∀ (x : Nat), ∃ y, Int.ofNat x ≤ y

query:
(assert (not (forall ((x Int)) (=> (>= x 0) (exists ((y Int)) (<= x y))))))
(check-sat)

result: unsat
failed to reconstruct proof: tactic 'apply' failed, failed to unify
  (¬∀ (x : Int), Smt.Reconstruction.Certifying.Implies (x ≥ 0) (∃ y, x ≤ y)) → False
with
  ¬¬∀ (x : Nat), ∃ y, Int.ofNat x ≤ y
⊢ ¬¬∀ (x : Nat), ∃ y, Int.ofNat x ≤ y
