goal: f z = z

query:
(define-fun z () Int 10)
(declare-fun f (Int) Int)
(assert (= (f 10) 10))
(assert (distinct (f 10) 10))
(check-sat)
goal: f y = y

query:
(define-fun z () Int 10)
(define-fun y () Int 10)
(declare-fun f (Int) Int)
(assert (= (f 10) 10))
(assert (distinct (f 10) 10))
(check-sat)
goal: z 3 = 10

query:
(declare-fun f (Int) Int)
(define-fun z ((x._@.Test.Int.Let._hyg.300 Int)) Int (f 10))
(assert (= (f 10) 10))
(assert (distinct (z 3) 10))
(check-sat)
