Test/Int/linarith.lean:39:5: warning: Variable name `h₁` is not explicitly referenced.

The binding can be removed (if unused) or named `_` (if used implicitly).

Note: This linter can be disabled with `set_option linter.unusedVariables false`
Test/Int/linarith.lean:46:9: warning: Variable name `e` is not explicitly referenced.

The binding can be removed (if unused) or named `_` (if used implicitly).

Note: This linter can be disabled with `set_option linter.unusedVariables false`
Test/Int/linarith.lean:65:0: warning: declaration uses `sorry`
Test/Int/linarith.lean:79:62: warning: Variable name `h3` is not explicitly referenced.

The binding can be removed (if unused) or named `_` (if used implicitly).

Note: This linter can be disabled with `set_option linter.unusedVariables false`
Test/Int/linarith.lean:83:36: warning: Variable name `z` is not explicitly referenced.

The binding can be removed (if unused) or named `_` (if used implicitly).

Note: This linter can be disabled with `set_option linter.unusedVariables false`
Test/Int/linarith.lean:84:5: warning: Variable name `h5` is not explicitly referenced.

The binding can be removed (if unused) or named `_` (if used implicitly).

Note: This linter can be disabled with `set_option linter.unusedVariables false`
