goal: "a".contains 'a' = true

query:
(declare-sort Char 0)
(define-sort Nat () Int)
(declare-fun Char.ofNat (Nat) Char)
(declare-fun String.contains (String Char) Bool)
(assert (distinct (String.contains "a" (Char.ofNat (+ 96 1))) true))
(check-sat)
Test/String/Contains.lean:3:8: warning: declaration uses 'sorry'
