goal: String.get "a" 0 = Char.ofNat 97

query:
(assert (not (= (str.to_code (str.at "a" 0)) 97)))
(check-sat)

result: unsat
failed to reconstruct proof: could not parse solver output: incomplete input: expected a token, got none
solver stdout:

solver stderr:
Fatal failure within cvc5::internal::Node cvc5::internal::proof::LeanNodeConverter::convert(cvc5::internal::Node) at /home/hbarbosa/cvc/wt-leanPrinter/src/proof/lean/lean_node_converter.cpp:236
Check failure

 !it->second.isNull()

