goal: x = y → f x = f y

query:
(define-sort Nat () Int)
(declare-fun f (Nat) Nat)
(assert (forall ((_uniq.1520 Nat)) (=> (>= _uniq.1520 0) (>= (f _uniq.1520) 0))))
(declare-const x Nat)
(assert (>= x 0))
(declare-const y Nat)
(assert (>= y 0))
(assert (not (=> (= x y) (= (f x) (f y)))))
(check-sat)
