goal: ∀ (x : Nat), x ≥ 0

query:
(assert (not (forall ((x Int)) (=> (>= x 0) (>= x 0)))))
(check-sat)

result: unsat
failed to reconstruct proof: tactic 'apply' failed, failed to unify
  (¬∀ (x : Int), Smt.Reconstruction.Certifying.Implies (x ≥ 0) (x ≥ 0)) → False
with
  ¬¬∀ (x : Nat), x ≥ 0
⊢ ¬¬∀ (x : Nat), x ≥ 0
