Test/Nat/ZeroSub'.lean:6:17: error: type mismatch
  HEq.rfl
has type
  HEq ?m.574 ?m.574 : Prop
but is expected to have type
  ¬Smt.Reconstruct.andN' [] ¬0 - Nat.zero = 0 : Prop
Test/Nat/ZeroSub'.lean:7:17: error: application type mismatch
  HAdd.hAdd x
argument
  x
has type
  ℕ : Type
but is expected to have type
  ℤ : Type
