goal: x < z → ∃ y, x < y ∧ y < z

query:
(declare-const x Real)
(declare-const z Real)
(assert (not (=> (= (< x z) true) (exists ((y Real)) (and (= (< x y) true) (= (< y z) true))))))
(check-sat)

result: unsat
failed to reconstruct proof: encountered errors elaborating cvc5 proof
Test/Rat/Density.lean:3:8: warning: declaration uses 'sorry'
