goal: x < y → ∃ z, x < z ∧ z < y

query:
(declare-const x Real)
(declare-const y Real)
(assert (not (=> (= (< x y) true) (exists ((z Real)) (and (= (< x z) true) (= (< z y) true))))))
(check-sat)

result: unsat
failed to reconstruct proof: encountered errors elaborating cvc5 proof
Test/Rat/Density.lean:3:8: warning: declaration uses 'sorry'
