Map: []
Map: []
Map: []
Map: []
Before: [h]
After: [h]
Map: [(h, [_fvar.3605])]
Map: [(_fvar.3624, [h])]
Before: [hpqr, ht, ht', t]
After: [hpqr, ht, ht', a✝]
Map: [(a✝, [_fvar.4103]), (ht, [_fvar.4097]), (ht', [_fvar.4099]), (hpqr, [_fvar.4098])]
Map: [(_fvar.4195, [_fvar.4103]), (_fvar.4196, [ht]), (_fvar.4198, [ht']), (_fvar.4197, [hpqr])]
Test/Unit/Normalize.lean:54:22: warning: Variable name `h` is not explicitly referenced.

The binding can be removed (if unused) or named `_` (if used implicitly).

Note: This linter can be disabled with `set_option linter.unusedVariables false`
Test/Unit/Normalize.lean:54:35: warning: Variable name `h2` is not explicitly referenced.

The binding can be removed (if unused) or named `_` (if used implicitly).

Note: This linter can be disabled with `set_option linter.unusedVariables false`
Test/Unit/Normalize.lean:212:0: warning: declaration uses `sorry`
Test/Unit/Normalize.lean:216:0: warning: declaration uses `sorry`
Test/Unit/Normalize.lean:229:0: warning: declaration uses `sorry`
Test/Unit/Normalize.lean:233:0: warning: declaration uses `sorry`
Test/Unit/Normalize.lean:240:0: warning: declaration uses `sorry`
