Map: []
Map: []
Map: []
Map: []
Before: [h]
After: [h]
Map: [(h, [_fvar.3485])]
Map: [(_fvar.3504, [h])]
Before: [hpqr, ht, ht', t]
After: [hpqr, ht, ht', a✝]
Map: [(hpqr, [_fvar.3955]), (ht', [_fvar.3956]), (ht, [_fvar.3954]), (a✝, [_fvar.3960])]
Map: [(_fvar.4055, [hpqr]), (_fvar.4056, [ht']), (_fvar.4054, [ht]), (_fvar.4053, [_fvar.3960])]
Test/Unit/Normalize.lean:54:22: warning: unused variable `h`

Note: This linter can be disabled with `set_option linter.unusedVariables false`
Test/Unit/Normalize.lean:54:35: warning: unused variable `h2`

Note: This linter can be disabled with `set_option linter.unusedVariables false`
Test/Unit/Normalize.lean:212:0: warning: declaration uses 'sorry'
Test/Unit/Normalize.lean:216:0: warning: declaration uses 'sorry'
Test/Unit/Normalize.lean:229:0: warning: declaration uses 'sorry'
Test/Unit/Normalize.lean:233:0: warning: declaration uses 'sorry'
Test/Unit/Normalize.lean:240:0: warning: declaration uses 'sorry'
