Map: []
Map: []
Map: []
Map: []
Before: [h]
After: [h]
Map: [(h, [_fvar.3054])]
Map: [(_fvar.3073, [h])]
Before: [hpqr, ht, ht', t]
After: [hpqr, ht, ht', a✝]
Map: [(hpqr, [_fvar.3548]), (ht', [_fvar.3549]), (a✝, [_fvar.3553]), (ht, [_fvar.3547])]
Map: [(_fvar.3647, [hpqr]), (_fvar.3648, [ht']), (_fvar.3645, [_fvar.3553]), (_fvar.3646, [ht])]
Test/Unit/Normalize.lean:54:22: warning: Variable name `h` is not explicitly referenced.

Hint: The binding can be removed (if unused) or named `_` (if used implicitly). Alternatively, prefix the name with `_` to silence this warning:
  [apply] _h

Note: This linter can be disabled with `set_option linter.unusedVariables false`
Test/Unit/Normalize.lean:54:35: warning: Variable name `h2` is not explicitly referenced.

Hint: The binding can be removed (if unused) or named `_` (if used implicitly). Alternatively, prefix the name with `_` to silence this warning:
  [apply] _h2

Note: This linter can be disabled with `set_option linter.unusedVariables false`
Test/Unit/Normalize.lean:212:0: warning: declaration uses `sorry`
Test/Unit/Normalize.lean:216:0: warning: declaration uses `sorry`
Test/Unit/Normalize.lean:229:0: warning: declaration uses `sorry`
Test/Unit/Normalize.lean:233:0: warning: declaration uses `sorry`
Test/Unit/Normalize.lean:240:0: warning: declaration uses `sorry`
