goal: p = true → (p = true → q = true) → q = true

query:
(declare-const p Bool)
(declare-const q Bool)
(assert (not (=> (= p true) (=> (=> (= p true) (= q true)) (= q true)))))
(check-sat)

result: unsat
failed to reconstruct proof: tactic 'apply' failed, failed to unify
  ¬Smt.Reconstruction.Certifying.Implies (?p = True)
        (Smt.Reconstruction.Certifying.Implies (Smt.Reconstruction.Certifying.Implies (?p = True) (?q = True))
          (?q = True)) →
    False
with
  ¬¬(p = true → (p = true → q = true) → q = true)
p q : Bool
⊢ ¬¬(p = true → (p = true → q = true) → q = true)
