goal: (p && q) = true → p = true

query:
(declare-const q Bool)
(declare-const p Bool)
(assert (not (=> (= (and p q) true) (= p true))))
(check-sat)

result: unsat
failed to reconstruct proof: tactic 'apply' failed, failed to unify
  ¬Smt.Reconstruction.Certifying.Implies ((?p ∧ ?q) = True) (?p = True) → False
with
  ¬¬((p && q) = true → p = true)
p q : Bool
⊢ ¬¬((p && q) = true → p = true)
