goal: (p == q) = true → (q == r) = true → (p == r) = true

query:
(declare-const q Bool)
(declare-const p Bool)
(declare-const r Bool)
(assert (not (=> (= (= p q) true) (=> (= (= q r) true) (= (= p r) true)))))
(check-sat)

result: unsat
failed to reconstruct proof: tactic 'apply' failed, failed to unify
  ¬Implies ((?p = ?q) = True) (Implies ((?q = ?r) = True) ((?p = ?r) = True)) → False
with
  ¬¬((p == q) = true → (q == r) = true → (p == r) = true)
p q r : Bool
⊢ ¬¬((p == q) = true → (q == r) = true → (p == r) = true)
