goal: (!p) = true → (!p) = true

query:
(declare-const p Bool)
(assert (not (=> (= (not p) true) (= (not p) true))))
(check-sat)

result: unsat
failed to reconstruct proof: tactic 'apply' failed, failed to unify
  ¬Implies ((¬?p) = True) ((¬?p) = True) → False
with
  ¬¬((!p) = true → (!p) = true)
p : Bool
⊢ ¬¬((!p) = true → (!p) = true)
